// Jest Snapshot v1, https://goo.gl/fbAQLP

exports[`Joke component renders 1`] = `ShallowWrapper {}`;
