// Jest Snapshot v1, https://goo.gl/fbAQLP

exports[`Loader component renders 1`] = `ShallowWrapper {}`;
